  Threads set to 1 by Python driver.
n2.xyz
	 Two-center integrals ...               	     0.01 seconds
	 Three-center integrals in AO basis ... 	     0.04 seconds
	 Three-center integrals in MO basis ... 	     0.00 seconds
	 Orthonormalize charge-density basis ... 	     0.00 seconds

	 G0W0
	                 Alpha Orbitals             
	      State      Energy (eV)      Error (eV)  
	      --------------------------------------  
	         1        -396.960          0.004
	         2        -396.920          0.000
	         3         -36.135          0.002
	         4         -17.273          0.000
	         5         -17.205          0.000
	         6         -17.205          0.000
	         7         -14.942          0.000
	         8           4.077          0.000
	         9           4.077          0.000
	        10           9.026          0.000
	        11           9.614          0.001
	        12          10.283          0.001
	        13          10.283          0.001
	        14          11.375          0.002
	        15          14.473          0.002
	        16          14.473          0.002
	        17          16.046          0.000
	      --------------------------------------  
	 Applying   3.5202 eV shift to rest of Alpha virtual states


	 G1W1
	                 Alpha Orbitals             
	      State      Energy (eV)      Error (eV)  
	      --------------------------------------  
	         1        -407.243          0.000
	         2        -407.116          0.000
	         3         -36.613          0.000
	         4         -18.490          0.001
	         5         -17.881          0.001
	         6         -17.881          0.001
	         7         -15.857          0.001
	         8           4.493          0.000
	         9           4.493          0.000
	        10           9.348          0.000
	        11           9.919          0.000
	        12          10.551          0.000
	        13          10.551          0.000
	        14          11.576          0.000
	        15          15.304          0.001
	        16          15.304          0.001
	        17          16.443          0.000
	      --------------------------------------  
	 Applying   0.4252 eV shift to rest of Alpha virtual states


	 G2W2
	                 Alpha Orbitals             
	      State      Energy (eV)      Error (eV)  
	      --------------------------------------  
	         1        -409.949          0.000
	         2        -409.803          0.000
	         3         -37.050          0.003
	         4         -18.610          0.000
	         5         -17.937          0.000
	         6         -17.937          0.000
	         7         -15.960          0.000
	         8           4.525          0.000
	         9           4.525          0.000
	        10           9.372          0.000
	        11           9.943          0.000
	        12          10.574          0.000
	        13          10.574          0.000
	        14          11.592          0.000
	        15          15.352          0.000
	        16          15.352          0.000
	        17          16.469          0.000
	      --------------------------------------  
	 Applying   0.0298 eV shift to rest of Alpha virtual states


	 G3W3
	                 Alpha Orbitals             
	      State      Energy (eV)      Error (eV)  
	      --------------------------------------  
	         1        -410.491          0.001
	         2        -410.341          0.001
	         3         -37.103          0.000
	         4         -18.623          0.000
	         5         -17.944          0.000
	         6         -17.944          0.000
	         7         -15.971          0.000
	         8           4.525          0.003
	         9           4.525          0.003
	        10           9.372          0.002
	        11           9.943          0.002
	        12          10.574          0.002
	        13          10.574          0.002
	        14          11.592          0.001
	        15          15.352          0.004
	        16          15.352          0.004
	        17          16.469          0.002
	      --------------------------------------  
	 Applying   0.0000 eV shift to rest of Alpha virtual states

	 Done! 
